// Jest Snapshot v1, https://goo.gl/fbAQLP

exports[`BaseLayoutComponent <Layout/> renders in any case 1`] = `<index />`;
